{
  "tool": "Optuna",
  "status": "tested",
  "added_value": true,
  "detail": "Discovery-selected pattern=slow_momentum_12_1, horizon=40d; held-out validation available=True",
  "best_discovery_mean": 0.0125012964452218,
  "validation_mean": 0.0140488913954508,
  "validation_win_rate": 0.4591752093278034,
  "validation_observations": 63895
}
[I 2026-10-06 14:21:58,581] A new study created in memory with name: no-name-dfcd3e18-19e9-49f5-8bab-f5df00289d83
[I 2026-10-06 14:21:58,582] Trial 0 finished with value: -0.0138953066106825 and parameters: {'pattern': 'wyckoff_spring_strict', 'horizon': 40}. Best is trial 0 with value: -0.0138953066106825.
[I 2026-10-06 14:21:58,582] Trial 1 finished with value: 0.0011661548553849 and parameters: {'pattern': 'slow_momentum_12_1', 'horizon': 5}. Best is trial 1 with value: 0.0011661548553849.
[I 2026-10-06 14:21:58,583] Trial 2 finished with value: -0.0001585203873984 and parameters: {'pattern': 'volatility_contraction_breakout', 'horizon': 5}. Best is trial 1 with value: 0.0011661548553849.
[I 2026-10-06 14:21:58,583] Trial 3 finished with value: -0.0083634111709712 and parameters: {'pattern': 'wyckoff_spring_sos', 'horizon': 5}. Best is trial 1 with value: 0.0011661548553849.
[I 2026-10-06 14:21:58,584] Trial 4 finished with value: -0.0007142661806946 and parameters: {'pattern': 'reversal_bottom10', 'horizon': 5}. Best is trial 1 with value: 0.0011661548553849.
[I 2026-10-06 14:21:58,584] Trial 5 finished with value: -0.0007142661806946 and parameters: {'pattern': 'reversal_bottom10', 'horizon': 5}. Best is trial 1 with value: 0.0011661548553849.
[I 2026-10-06 14:21:58,585] Trial 6 finished with value: -0.0073384032249715 and parameters: {'pattern': 'range_expansion_reversal', 'horizon': 20}. Best is trial 1 with value: 0.0011661548553849.
[I 2026-10-06 14:21:58,585] Trial 7 finished with value: -0.0066057792948366 and parameters: {'pattern': 'range_expansion_reversal', 'horizon': 10}. Best is trial 1 with value: 0.0011661548553849.
[I 2026-10-06 14:21:58,586] Trial 8 finished with value: -0.0008669574529554 and parameters: {'pattern': 'breakout_plus_volume', 'horizon': 10}. Best is trial 1 with value: 0.0011661548553849.
[I 2026-10-06 14:21:58,586] Trial 9 finished with value: 0.0013471119056548 and parameters: {'pattern': 'volatility_contraction_breakout', 'horizon': 10}. Best is trial 9 with value: 0.0013471119056548.
[I 2026-10-06 14:21:58,587] Trial 10 finished with value: 0.0013471119056548 and parameters: {'pattern': 'volatility_contraction_breakout', 'horizon': 10}. Best is trial 9 with value: 0.0013471119056548.
[I 2026-10-06 14:21:58,588] Trial 11 finished with value: 0.0013471119056548 and parameters: {'pattern': 'volatility_contraction_breakout', 'horizon': 10}. Best is trial 9 with value: 0.0013471119056548.
[I 2026-10-06 14:21:58,589] Trial 12 finished with value: 0.0026693818163075 and parameters: {'pattern': 'pullback_in_uptrend', 'horizon': 10}. Best is trial 12 with value: 0.0026693818163075.
[I 2026-10-06 14:21:58,590] Trial 13 finished with value: 0.0026693818163075 and parameters: {'pattern': 'pullback_in_uptrend', 'horizon': 10}. Best is trial 12 with value: 0.0026693818163075.
[I 2026-10-06 14:21:58,591] Trial 14 finished with value: 0.0026693818163075 and parameters: {'pattern': 'pullback_in_uptrend', 'horizon': 10}. Best is trial 12 with value: 0.0026693818163075.
[I 2026-10-06 14:21:58,591] Trial 15 finished with value: 0.0059421786958453 and parameters: {'pattern': 'pullback_in_uptrend', 'horizon': 40}. Best is trial 15 with value: 0.0059421786958453.
[I 2026-10-06 14:21:58,592] Trial 16 finished with value: 0.0076003983219375 and parameters: {'pattern': 'relative_reversal_bottom20', 'horizon': 40}. Best is trial 16 with value: 0.0076003983219375.
[I 2026-10-06 14:21:58,593] Trial 17 finished with value: 0.0059421786958453 and parameters: {'pattern': 'pullback_in_uptrend', 'horizon': 40}. Best is trial 16 with value: 0.0076003983219375.
[I 2026-10-06 14:21:58,593] Trial 18 finished with value: 0.0076003983219375 and parameters: {'pattern': 'relative_reversal_bottom20', 'horizon': 40}. Best is trial 16 with value: 0.0076003983219375.
[I 2026-10-06 14:21:58,594] Trial 19 finished with value: 0.0076003983219375 and parameters: {'pattern': 'relative_reversal_bottom20', 'horizon': 40}. Best is trial 16 with value: 0.0076003983219375.
[I 2026-10-06 14:21:58,595] Trial 20 finished with value: 0.0117762754849475 and parameters: {'pattern': 'momentum_60_uptrend', 'horizon': 40}. Best is trial 20 with value: 0.0117762754849475.
[I 2026-10-06 14:21:58,596] Trial 21 finished with value: 0.0117762754849475 and parameters: {'pattern': 'momentum_60_uptrend', 'horizon': 40}. Best is trial 20 with value: 0.0117762754849475.
[I 2026-10-06 14:21:58,596] Trial 22 finished with value: 0.0117762754849475 and parameters: {'pattern': 'momentum_60_uptrend', 'horizon': 40}. Best is trial 20 with value: 0.0117762754849475.
[I 2026-10-06 14:21:58,597] Trial 23 finished with value: 0.0117762754849475 and parameters: {'pattern': 'momentum_60_uptrend', 'horizon': 40}. Best is trial 20 with value: 0.0117762754849475.
[I 2026-10-06 14:21:58,598] Trial 24 finished with value: 0.0117762754849475 and parameters: {'pattern': 'momentum_60_uptrend', 'horizon': 40}. Best is trial 20 with value: 0.0117762754849475.
[I 2026-10-06 14:21:58,599] Trial 25 finished with value: 0.0067960126902374 and parameters: {'pattern': 'momentum_60_uptrend', 'horizon': 20}. Best is trial 20 with value: 0.0117762754849475.
[I 2026-10-06 14:21:58,600] Trial 26 finished with value: 0.001528080394706 and parameters: {'pattern': 'momentum_60_uptrend', 'horizon': 5}. Best is trial 20 with value: 0.0117762754849475.
[I 2026-10-06 14:21:58,600] Trial 27 finished with value: -0.0135249264030205 and parameters: {'pattern': 'panic_reversal_volume', 'horizon': 40}. Best is trial 20 with value: 0.0117762754849475.
[I 2026-10-06 14:21:58,601] Trial 28 finished with value: -0.0148967794404133 and parameters: {'pattern': 'wyckoff_spring', 'horizon': 40}. Best is trial 20 with value: 0.0117762754849475.
[I 2026-10-06 14:21:58,602] Trial 29 finished with value: -0.0010634002887811 and parameters: {'pattern': 'range_expansion_reversal', 'horizon': 40}. Best is trial 20 with value: 0.0117762754849475.
[I 2026-10-06 14:21:58,603] Trial 30 finished with value: 0.0125012964452218 and parameters: {'pattern': 'slow_momentum_12_1', 'horizon': 40}. Best is trial 30 with value: 0.0125012964452218.
[I 2026-10-06 14:21:58,603] Trial 31 finished with value: 0.0125012964452218 and parameters: {'pattern': 'slow_momentum_12_1', 'horizon': 40}. Best is trial 30 with value: 0.0125012964452218.
[I 2026-10-06 14:21:58,604] Trial 32 finished with value: 0.0125012964452218 and parameters: {'pattern': 'slow_momentum_12_1', 'horizon': 40}. Best is trial 30 with value: 0.0125012964452218.
[I 2026-10-06 14:21:58,605] Trial 33 finished with value: 0.0125012964452218 and parameters: {'pattern': 'slow_momentum_12_1', 'horizon': 40}. Best is trial 30 with value: 0.0125012964452218.
[I 2026-10-06 14:21:58,606] Trial 34 finished with value: 0.0125012964452218 and parameters: {'pattern': 'slow_momentum_12_1', 'horizon': 40}. Best is trial 30 with value: 0.0125012964452218.
[I 2026-10-06 14:21:58,606] Trial 35 finished with value: 0.0058859560530767 and parameters: {'pattern': 'slow_momentum_12_1', 'horizon': 20}. Best is trial 30 with value: 0.0125012964452218.
[I 2026-10-06 14:21:58,607] Trial 36 finished with value: 0.0125012964452218 and parameters: {'pattern': 'slow_momentum_12_1', 'horizon': 40}. Best is trial 30 with value: 0.0125012964452218.
[I 2026-10-06 14:21:58,608] Trial 37 finished with value: 0.0029492270165616 and parameters: {'pattern': 'slow_momentum_12_1', 'horizon': 10}. Best is trial 30 with value: 0.0125012964452218.
[I 2026-10-06 14:21:58,609] Trial 38 finished with value: 0.0125012964452218 and parameters: {'pattern': 'slow_momentum_12_1', 'horizon': 40}. Best is trial 30 with value: 0.0125012964452218.
[I 2026-10-06 14:21:58,609] Trial 39 finished with value: 0.0011661548553849 and parameters: {'pattern': 'slow_momentum_12_1', 'horizon': 5}. Best is trial 30 with value: 0.0125012964452218.
[I 2026-10-06 14:21:58,610] Trial 40 finished with value: -0.0075933355276992 and parameters: {'pattern': 'wyckoff_spring_strict', 'horizon': 20}. Best is trial 30 with value: 0.0125012964452218.
[I 2026-10-06 14:21:58,611] Trial 41 finished with value: 0.0125012964452218 and parameters: {'pattern': 'slow_momentum_12_1', 'horizon': 40}. Best is trial 30 with value: 0.0125012964452218.
[I 2026-10-06 14:21:58,612] Trial 42 finished with value: -0.0110142845470753 and parameters: {'pattern': 'wyckoff_spring_sos', 'horizon': 40}. Best is trial 30 with value: 0.0125012964452218.
[I 2026-10-06 14:21:58,613] Trial 43 finished with value: 0.0037182864309138 and parameters: {'pattern': 'breakout_plus_volume', 'horizon': 40}. Best is trial 30 with value: 0.0125012964452218.
[I 2026-10-06 14:21:58,613] Trial 44 finished with value: 0.0100537681623408 and parameters: {'pattern': 'relative_strength_20', 'horizon': 40}. Best is trial 30 with value: 0.0125012964452218.
[I 2026-10-06 14:21:58,614] Trial 45 finished with value: -5.825807982958879e-05 and parameters: {'pattern': 'reversal_bottom10', 'horizon': 40}. Best is trial 30 with value: 0.0125012964452218.
[I 2026-10-06 14:21:58,615] Trial 46 finished with value: 0.0125012964452218 and parameters: {'pattern': 'slow_momentum_12_1', 'horizon': 40}. Best is trial 30 with value: 0.0125012964452218.
[I 2026-10-06 14:21:58,616] Trial 47 finished with value: 0.0041395012960024 and parameters: {'pattern': 'volatility_contraction_breakout', 'horizon': 40}. Best is trial 30 with value: 0.0125012964452218.
